../Core/Src/main.c:102:5:main	264	dynamic
../Core/Src/main.c:240:6:SystemClock_Config	88	static
../Core/Src/main.c:287:13:MX_CRC_Init	8	static
../Core/Src/main.c:312:13:MX_TIM1_Init	32	static
../Core/Src/main.c:358:13:MX_USART1_UART_Init	8	static
../Core/Src/main.c:391:13:MX_USART2_UART_Init	8	static
../Core/Src/main.c:424:13:MX_GPIO_Init	48	static
../Core/Src/main.c:463:6:HAL_GPIO_EXTI_Callback	24	static,ignoring_inline_asm
../Core/Src/main.c:488:6:StartDefaultTask	16	static
../Core/Src/main.c:508:6:StartReceiveTask	224	dynamic
../Core/Src/main.c:605:6:StartStatusTask	32	static
../Core/Src/main.c:633:6:StartUpdateTask	224	dynamic
../Core/Src/main.c:763:6:Error_Handler	8	static,ignoring_inline_asm
