../Core/Src/main.c:102:5:main	264	dynamic
../Core/Src/main.c:265:6:SystemClock_Config	88	static
../Core/Src/main.c:312:13:MX_CRC_Init	8	static
../Core/Src/main.c:338:13:MX_TIM1_Init	32	static
../Core/Src/main.c:384:13:MX_USART1_UART_Init	8	static
../Core/Src/main.c:417:13:MX_USART2_UART_Init	8	static
../Core/Src/main.c:450:13:MX_GPIO_Init	48	static
../Core/Src/main.c:489:6:HAL_GPIO_EXTI_Callback	24	static,ignoring_inline_asm
../Core/Src/main.c:514:6:StartDefaultTask	16	static
../Core/Src/main.c:534:6:StartReceiveTask	200	dynamic
../Core/Src/main.c:675:6:StartStatusTask	32	static
../Core/Src/main.c:703:6:StartUpdateTask	224	dynamic
../Core/Src/main.c:810:6:Error_Handler	8	static,ignoring_inline_asm
